TLA+ Module Comparison: CoffeeTeaSmallBad v. CoffeeTeaSmall
CoffeeTeaSmall is strictly more robust than CoffeeTeaSmallBad

the diff rep for eta(CoffeeTeaSmallBad) - eta(CoffeeTeaSmall) is empty

Robustness comparison: eta(CoffeeTeaSmall) - eta(CoffeeTeaSmallBad)
Diff rep grouped by action:

All:
Safety boundary representation: out/CoffeeTeaSmall_All_diff_rep.txt
Safety boundary rep formula (with sort definitions):
/\ brewed = {}
/\ temp = 70
