TLA+ Module Comparison: CoffeeTeaSmall v. CoffeeTeaSmallBad
CoffeeTeaSmall is strictly more robust than CoffeeTeaSmallBad

Robustness comparison: eta(CoffeeTeaSmall) - eta(CoffeeTeaSmallBad)
Diff rep grouped by action:

All:
Safety boundary representation: out/CoffeeTeaSmall_All_diff_rep.txt
Safety boundary rep formula (with sort definitions):
/\ brewed = {}
/\ temp = 70

the diff rep for eta(CoffeeTeaSmallBad) - eta(CoffeeTeaSmall) is empty
