TLA+ Module: CoffeeTeaSmall
Diff rep grouped by action:

All:
Safety boundary representation: out/CoffeeTeaSmall_All_diff_rep.txt
Safety boundary rep formula (with sort definitions):
/\ brewed = {}
/\ temp = 70
