TLA+ Module: CoffeeTeaSmallBad
Diff rep grouped by action:

All:
Safety boundary representation: out/CoffeeTeaSmallBad_All_diff_rep.txt
Safety boundary rep formula (with sort definitions):
/\ brewed = {}
/\ temp = 70
