TLA+ Module: CoffeeTeaSmallPrime
Safety boundary representation: out/safety_boundary_representation.txt
Safety boundary rep formula (with sort definitions):
/\ brewed = {}
/\ temp = 70
