TLA+ Module: CoffeeTeaSmallCorrect
Diff rep grouped by action:
Spec is robust against ANY behavior or environment
