TLA+ Module Comparison: Voting v. VotingEOCannotCfm
Voting is strictly more robust than VotingEOCannotCfm

Robustness comparison: eta(Voting) - eta(VotingEOCannotCfm)
Diff rep grouped by action:

All:
Safety boundary representation: out/Voting_All_diff_rep.txt
Safety boundary rep formula (with sort definitions):
Sort1 == {"Kevin","David","None","Ian"}
/\ eoConfirm = "None"
/\ booth = {"eofficial"}
/\ state = "confirm"
/\ \A S \in Sort1 : (voterChoice # "None" /\ (voterChoice = S => eoChoice = S))

the diff rep for eta(VotingEOCannotCfm) - eta(Voting) is empty
