TLA+ Module: Voting
Diff rep grouped by action:

All:
Safety boundary representation: out/Voting_All_diff_rep.txt
Safety boundary rep formula (with sort definitions):
Sort1 == {"Kevin","David","None","Ian"}
/\ eoConfirm = "None"
/\ booth = {"eofficial"}
/\ state = "confirm"
/\ \A S \in Sort1 : (eoChoice # "None" /\ (eoChoice # S \/ voterChoice # S))
